// Jest Snapshot v1, https://goo.gl/fbAQLP

exports[`Pruebas en <HomeScreen/> debe de mostrarse correctamente  1`] = `
<div>
  <h1>
    HomeScreem
  </h1>
  <hr />
  <pre
    className=" container "
  >
    {
   "name": "Carlos",
   "email": "carlos@example.com"
}
  </pre>
</div>
`;
